1/448 ours/C101/0.5s/seed-0 feasible K=11 D=861.803 search=0.5004861000052188 prep=4.4699998397845775e-05
2/448 pyvrp/C101/0.5s/seed-0 feasible K=10 D=828.937 search=0.5009628999978304 prep=0.0010723000013967976
3/448 ortools/C101/0.5s/seed-0 found K=10 D=854.315 search=0.5002246000003652 prep=0.012343200003670063
4/448 gurobi/C101/0.5s/seed-0 optimal K=10 D=828.937 search=0.2364374000026146 prep=0.28668939999624854
5/448 pyvrp/C101/5s/seed-0 feasible K=10 D=828.937 search=5.000332899995556 prep=0.0008327000032295473
6/448 ortools/C101/5s/seed-0 found K=10 D=828.937 search=5.001297700000578 prep=0.002597899998363573
7/448 gurobi/C101/5s/seed-0 optimal K=10 D=828.937 search=0.35926820000167936 prep=0.4385264000011375
8/448 ours/C101/5s/seed-0 feasible K=10 D=828.937 search=5.000958599994192 prep=6.140000186860561e-05
9/448 ortools/C102/0.5s/seed-0 found K=10 D=828.937 search=0.5078129000030458 prep=0.003738400002475828
10/448 gurobi/C102/0.5s/seed-0 time_limit K= D= search=0.5009263999963878 prep=0.7036632000017562
11/448 ours/C102/0.5s/seed-0 feasible K=10 D=1065.814 search=0.5007845000000088 prep=7.470000127796084e-05
12/448 pyvrp/C102/0.5s/seed-0 feasible K=11 D=921.954 search=0.5003787999958149 prep=0.0010961000007227995
13/448 gurobi/C102/5s/seed-0 time_limit K=10 D=833.126 search=5.007311000001209 prep=0.6920132000013837
14/448 ours/C102/5s/seed-0 feasible K=10 D=984.399 search=5.000827700001537 prep=8.55999969644472e-05
15/448 pyvrp/C102/5s/seed-0 feasible K=11 D=921.954 search=5.003376400003617 prep=0.0015305000051739626
16/448 ortools/C102/5s/seed-0 found K=10 D=828.937 search=5.000509199999215 prep=0.0037195000040810555
17/448 ours/C103/0.5s/seed-0 feasible K=10 D=1226.43 search=0.5008013000042411 prep=5.740000051446259e-05
18/448 pyvrp/C103/0.5s/seed-0 feasible K=11 D=1002.391 search=0.5156057000058354 prep=0.0012452000009943731
19/448 ortools/C103/0.5s/seed-0 found K=10 D=853.827 search=0.5001034000015352 prep=0.0036742000011145137
20/448 gurobi/C103/0.5s/seed-0 time_limit K= D= search=0.4995169999965583 prep=0.8432398000004468
21/448 pyvrp/C103/5s/seed-0 feasible K=11 D=1002.391 search=5.0091720999989775 prep=0.0011960000047110952
22/448 ortools/C103/5s/seed-0 found K=10 D=853.827 search=5.000042499996198 prep=0.0033199000026797876
23/448 gurobi/C103/5s/seed-0 time_limit K=12 D=953.813 search=5.010443300001498 prep=0.8289259999946808
24/448 ours/C103/5s/seed-0 feasible K=10 D=1213.077 search=5.000799100002041 prep=6.839999696239829e-05
25/448 ortools/C104/0.5s/seed-0 found K=10 D=1058.478 search=0.5004914999954053 prep=0.0029274000044097193
26/448 gurobi/C104/0.5s/seed-0 time_limit K= D= search=0.5003613000008045 prep=0.9214518000007956
27/448 ours/C104/0.5s/seed-0 feasible K=10 D=1045.222 search=0.5008487000013702 prep=9.080000018002465e-05
28/448 pyvrp/C104/0.5s/seed-0 feasible K=11 D=1096.794 search=0.5025978000048781 prep=0.001273300003958866
29/448 gurobi/C104/5s/seed-0 time_limit K=12 D=1054.143 search=5.008392800002184 prep=0.9343326000016532
30/448 ours/C104/5s/seed-0 feasible K=10 D=910.373 search=5.000794899999164 prep=8.399999933317304e-05
31/448 pyvrp/C104/5s/seed-0 feasible K=11 D=1096.794 search=5.004089800000656 prep=0.000919999998586718
32/448 ortools/C104/5s/seed-0 found K=10 D=920.839 search=5.000752600004489 prep=0.005240699996647891
33/448 ours/C105/0.5s/seed-0 feasible K=10 D=854.315 search=0.5007696999964537 prep=5.7900004321709275e-05
34/448 pyvrp/C105/0.5s/seed-0 feasible K=10 D=828.937 search=0.5040707000007387 prep=0.0011056000003009103
35/448 ortools/C105/0.5s/seed-0 found K=10 D=828.937 search=0.5011618999997154 prep=0.0029236999980639666
36/448 gurobi/C105/0.5s/seed-0 time_limit K= D= search=0.5098584000006667 prep=0.47330150000198046
37/448 pyvrp/C105/5s/seed-0 feasible K=10 D=828.937 search=5.007992099999683 prep=0.0011333000002196059
38/448 ortools/C105/5s/seed-0 found K=10 D=828.937 search=5.000600500003202 prep=0.002860799999325536
39/448 gurobi/C105/5s/seed-0 time_limit K=13 D=1916.975 search=5.003087800003414 prep=0.4824908999944455
40/448 ours/C105/5s/seed-0 feasible K=10 D=828.937 search=5.000348699999449 prep=5.650000093737617e-05
41/448 ortools/C106/0.5s/seed-0 found K=10 D=854.315 search=0.500631599999906 prep=0.002773000000161119
42/448 gurobi/C106/0.5s/seed-0 time_limit K= D= search=0.5026555000004009 prep=0.5741937000057078
43/448 ours/C106/0.5s/seed-0 feasible K=10 D=891.952 search=0.5006734999988112 prep=5.190000229049474e-05
44/448 pyvrp/C106/0.5s/seed-0 feasible K=10 D=828.937 search=0.5005629000006593 prep=0.001229800000146497
45/448 gurobi/C106/5s/seed-0 time_limit K=14 D=2293.238 search=5.002046900001005 prep=0.6218628999995417
46/448 ours/C106/5s/seed-0 feasible K=10 D=891.952 search=5.000825800001621 prep=7.609999738633633e-05
47/448 pyvrp/C106/5s/seed-0 feasible K=10 D=828.937 search=5.003115699997579 prep=0.001141199994890485
48/448 ortools/C106/5s/seed-0 found K=10 D=828.937 search=5.0002519999979995 prep=0.0034964000005857088
49/448 ours/C107/0.5s/seed-0 feasible K=10 D=934.258 search=0.500745100005588 prep=6.769999890821055e-05
50/448 pyvrp/C107/0.5s/seed-0 feasible K=10 D=863.148 search=0.5047231999997166 prep=0.001219199999468401
51/448 ortools/C107/0.5s/seed-0 found K=10 D=854.315 search=0.5009914999973262 prep=0.002936600001703482
52/448 gurobi/C107/0.5s/seed-0 time_limit K= D= search=0.4998816999941482 prep=0.5455433000024641
53/448 pyvrp/C107/5s/seed-0 feasible K=10 D=863.148 search=5.005378099995141 prep=0.0010990000009769574
54/448 ortools/C107/5s/seed-0 found K=10 D=854.315 search=5.0006418999983 prep=0.003461399996012915
55/448 gurobi/C107/5s/seed-0 time_limit K=15 D=2083.653 search=5.006222800002433 prep=0.525654700002633
56/448 ours/C107/5s/seed-0 feasible K=10 D=828.937 search=5.000630200003798 prep=5.119999696034938e-05
57/448 ortools/C108/0.5s/seed-0 found K=10 D=854.315 search=0.5127173999935621 prep=0.003282099998614285
58/448 gurobi/C108/0.5s/seed-0 time_limit K= D= search=0.5334158000041498 prep=0.6646251999991364
59/448 ours/C108/0.5s/seed-0 feasible K=11 D=1224.926 search=0.5011737999957404 prep=5.419999797595665e-05
60/448 pyvrp/C108/0.5s/seed-0 feasible K=10 D=859.803 search=0.5043054000052507 prep=0.0012682999949902296
61/448 gurobi/C108/5s/seed-0 time_limit K=14 D=1574.278 search=5.003204499997082 prep=0.6108989999993355
62/448 ours/C108/5s/seed-0 feasible K=10 D=1103.256 search=5.000863699999172 prep=5.490000330610201e-05
63/448 pyvrp/C108/5s/seed-0 feasible K=10 D=859.803 search=5.005327800005034 prep=0.0013502000001608394
64/448 ortools/C108/5s/seed-0 found K=10 D=854.315 search=5.000899099999515 prep=0.005220299994107336
65/448 ours/C109/0.5s/seed-0 feasible K=10 D=1069.536 search=0.5007091999941622 prep=4.959999932907522e-05
66/448 pyvrp/C109/0.5s/seed-0 feasible K=10 D=884.16 search=0.5043112999992445 prep=0.001196400000480935
67/448 ortools/C109/0.5s/seed-0 found K=10 D=1047.313 search=0.505433999998786 prep=0.0029133999996702187
68/448 gurobi/C109/0.5s/seed-0 time_limit K=24 D=1815.007 search=0.505327999999281 prep=0.7129047999987961
69/448 pyvrp/C109/5s/seed-0 feasible K=10 D=884.16 search=5.006650300005276 prep=0.0008182000019587576
70/448 ortools/C109/5s/seed-0 found K=10 D=873.168 search=5.000569700001506 prep=0.0031729000038467348
71/448 gurobi/C109/5s/seed-0 time_limit K=13 D=1039.495 search=5.005661799994414 prep=0.7266736000019591
72/448 ours/C109/5s/seed-0 feasible K=10 D=896.383 search=5.000796500004071 prep=5.439999949885532e-05
73/448 ortools/C201/0.5s/seed-0 found K=3 D=591.555 search=0.5003863999954774 prep=0.0034589999995660037
74/448 gurobi/C201/0.5s/seed-0 time_limit K=4 D=1277.195 search=0.5076817000008305 prep=0.5292399999962072
75/448 ours/C201/0.5s/seed-0 feasible K=3 D=591.555 search=0.5004612999982783 prep=5.439999949885532e-05
76/448 pyvrp/C201/0.5s/seed-0 feasible K=3 D=591.555 search=0.5004298999992898 prep=0.0013470999983837828
77/448 gurobi/C201/5s/seed-0 optimal K=3 D=591.555 search=2.2169192000001203 prep=0.4984069000056479
78/448 ours/C201/5s/seed-0 feasible K=3 D=591.555 search=5.000405700004194 prep=4.889999399892986e-05
79/448 pyvrp/C201/5s/seed-0 feasible K=3 D=591.555 search=5.000390799999877 prep=0.0011383999953977764
80/448 ortools/C201/5s/seed-0 found K=3 D=591.555 search=5.000221299997065 prep=0.0031712000054540113
81/448 ours/C202/0.5s/seed-0 feasible K=3 D=620.286 search=0.5003579999975045 prep=6.620000203838572e-05
82/448 pyvrp/C202/0.5s/seed-0 feasible K=4 D=667.32 search=0.5041887999977916 prep=0.0011347999970894307
83/448 ortools/C202/0.5s/seed-0 found K=3 D=591.555 search=0.5003001000004588 prep=0.0035428000046522357
84/448 gurobi/C202/0.5s/seed-0 time_limit K=8 D=1436.466 search=0.5034871000025305 prep=0.7018363999959547
85/448 pyvrp/C202/5s/seed-0 feasible K=4 D=667.32 search=5.014057300002605 prep=0.0010636000006343238
86/448 ortools/C202/5s/seed-0 found K=3 D=591.555 search=4.9998594999997295 prep=0.003625199999078177
87/448 gurobi/C202/5s/seed-0 time_limit K=3 D=591.555 search=5.003909800005204 prep=0.6819612999970559
88/448 ours/C202/5s/seed-0 feasible K=3 D=620.286 search=5.000445999998192 prep=5.480000254465267e-05
89/448 ortools/C203/0.5s/seed-0 found K=3 D=600.207 search=0.5025743000005605 prep=0.003018399998836685
90/448 gurobi/C203/0.5s/seed-0 time_limit K=25 D=4705.794 search=0.5042482999997446 prep=0.8631161999946926
91/448 ours/C203/0.5s/seed-0 feasible K=3 D=600.207 search=0.5006007999982103 prep=5.909999890718609e-05
92/448 pyvrp/C203/0.5s/seed-0 feasible K=4 D=683.398 search=0.505250199996226 prep=0.0013435000000754371
93/448 gurobi/C203/5s/seed-0 time_limit K=5 D=960.816 search=5.008507099999406 prep=0.8626548000029288
94/448 ours/C203/5s/seed-0 feasible K=3 D=600.207 search=5.000493699997605 prep=5.6899996707215905e-05
95/448 pyvrp/C203/5s/seed-0 feasible K=4 D=683.398 search=5.000250799996138 prep=0.0010133999967365526
96/448 ortools/C203/5s/seed-0 found K=3 D=600.207 search=5.0005667000004905 prep=0.003231000002415385
97/448 ours/C204/0.5s/seed-0 feasible K=3 D=881.748 search=0.5004603000052157 prep=5.900000542169437e-05
98/448 pyvrp/C204/0.5s/seed-0 feasible K=4 D=717.326 search=0.508101399995212 prep=0.0011467000003904104
99/448 ortools/C204/0.5s/seed-0 found K=3 D=642.637 search=0.5002825000046869 prep=0.003489299997454509
100/448 gurobi/C204/0.5s/seed-0 time_limit K=25 D=4896.652 search=0.5014583000011044 prep=0.9592287999985274
101/448 pyvrp/C204/5s/seed-0 feasible K=4 D=717.326 search=5.00273549999838 prep=0.0011276000004727393
102/448 ortools/C204/5s/seed-0 found K=3 D=616.35 search=5.000208000004932 prep=0.0036398999945959076
103/448 gurobi/C204/5s/seed-0 time_limit K=7 D=1198.936 search=5.006370800001605 prep=0.9213369999997667
104/448 ours/C204/5s/seed-0 feasible K=3 D=641.76 search=5.000775799999246 prep=5.679999594576657e-05
105/448 ortools/C205/0.5s/seed-0 found K=3 D=588.875 search=0.5005225999993854 prep=0.0029316000000108033
106/448 gurobi/C205/0.5s/seed-0 time_limit K= D= search=0.503029699997569 prep=0.5424033999952371
107/448 ours/C205/0.5s/seed-0 feasible K=3 D=588.875 search=0.5005822000020999 prep=0.00010740000288933516
108/448 pyvrp/C205/0.5s/seed-0 feasible K=3 D=588.875 search=0.5005158999993 prep=0.0012853000007453375
109/448 gurobi/C205/5s/seed-0 time_limit K=3 D=633.427 search=5.007385500000964 prep=0.5397841000012704
110/448 ours/C205/5s/seed-0 feasible K=3 D=588.875 search=5.00039470000047 prep=8.910000178730115e-05
111/448 pyvrp/C205/5s/seed-0 feasible K=3 D=588.875 search=5.0005429000011645 prep=0.0010800000018207356
112/448 ortools/C205/5s/seed-0 found K=3 D=588.875 search=5.00212730000203 prep=0.003653799998573959
113/448 ours/C206/0.5s/seed-0 feasible K=3 D=592.21 search=0.50045219999447 prep=6.060000305296853e-05
114/448 pyvrp/C206/0.5s/seed-0 feasible K=3 D=588.493 search=0.5004646000015782 prep=0.0011921999976038933
115/448 ortools/C206/0.5s/seed-0 found K=3 D=588.493 search=0.5032813000070746 prep=0.0028338999982224777
116/448 gurobi/C206/0.5s/seed-0 time_limit K=18 D=1510.137 search=0.5084927000061725 prep=0.583050599998387
117/448 pyvrp/C206/5s/seed-0 feasible K=3 D=588.493 search=5.0011086000013165 prep=0.0011967999962507747
118/448 ortools/C206/5s/seed-0 found K=3 D=588.493 search=5.00023979999969 prep=0.0034604999964358285
119/448 gurobi/C206/5s/seed-0 time_limit K=5 D=819.223 search=5.004071800001839 prep=0.626545699997223
120/448 ours/C206/5s/seed-0 feasible K=3 D=588.493 search=5.00080010000238 prep=5.080000119050965e-05
121/448 ortools/C207/0.5s/seed-0 found K=3 D=588.287 search=0.506437800002459 prep=0.0038505999982589856
122/448 gurobi/C207/0.5s/seed-0 time_limit K=13 D=1236.628 search=0.5074494999935268 prep=0.6283008000027621
123/448 ours/C207/0.5s/seed-0 feasible K=3 D=658.031 search=0.5012952999968547 prep=6.769999890821055e-05
124/448 pyvrp/C207/0.5s/seed-0 feasible K=3 D=588.287 search=0.500843799993163 prep=0.0012242000011610799
125/448 gurobi/C207/5s/seed-0 time_limit K=4 D=1154.105 search=5.006338099999994 prep=0.8619743999952334
126/448 ours/C207/5s/seed-0 feasible K=3 D=588.287 search=5.000756499997806 prep=5.709999823011458e-05
127/448 pyvrp/C207/5s/seed-0 feasible K=3 D=588.287 search=5.000433399996837 prep=0.0011763000002247281
128/448 ortools/C207/5s/seed-0 found K=3 D=588.287 search=5.000091100002464 prep=0.0033283000011579134
129/448 ours/C208/0.5s/seed-0 feasible K=3 D=591.394 search=0.5006206999969436 prep=5.709999823011458e-05
130/448 pyvrp/C208/0.5s/seed-0 feasible K=3 D=588.324 search=0.5002332000003662 prep=0.0010200999968219548
131/448 ortools/C208/0.5s/seed-0 found K=3 D=591.77 search=0.5002094000010402 prep=0.0035843000005115755
132/448 gurobi/C208/0.5s/seed-0 time_limit K= D= search=0.5009959000017261 prep=0.6363472000011825
133/448 pyvrp/C208/5s/seed-0 feasible K=3 D=588.324 search=5.000394299997424 prep=0.0010371999960625544
134/448 ortools/C208/5s/seed-0 found K=3 D=591.77 search=5.000562599998375 prep=0.004136799994739704
135/448 gurobi/C208/5s/seed-0 time_limit K=5 D=1057.586 search=5.0063188999993145 prep=0.6399171000011847
136/448 ours/C208/5s/seed-0 feasible K=3 D=591.394 search=5.000408400002925 prep=5.339999916031957e-05
137/448 ortools/R101/0.5s/seed-0 found K=19 D=1682.26 search=0.50012340000103 prep=0.0029613000006065704
138/448 gurobi/R101/0.5s/seed-0 optimal K=19 D=1650.798 search=0.352328300003137 prep=0.32477669999934733
139/448 ours/R101/0.5s/seed-0 feasible K=21 D=1710.595 search=0.5011423000032664 prep=6.44999963697046e-05
140/448 pyvrp/R101/0.5s/seed-0 feasible K=21 D=1680.284 search=0.5012071000019205 prep=0.0011119000046164729
141/448 gurobi/R101/5s/seed-0 optimal K=19 D=1650.798 search=0.3747538000025088 prep=0.3717523000013898
142/448 ours/R101/5s/seed-0 feasible K=20 D=1653.81 search=5.000552800003788 prep=8.619999425718561e-05
143/448 pyvrp/R101/5s/seed-0 feasible K=21 D=1680.284 search=5.006467300001532 prep=0.001134099999035243
144/448 ortools/R101/5s/seed-0 found K=19 D=1680.669 search=5.000446700003522 prep=0.0029997000019648112
145/448 ours/R102/0.5s/seed-0 feasible K=18 D=1486.998 search=0.5010224000070593 prep=5.5300006351899356e-05
146/448 pyvrp/R102/0.5s/seed-0 feasible K=19 D=1510.78 search=0.5003868999992847 prep=0.0017426999984309077
147/448 ortools/R102/0.5s/seed-0 found K=18 D=1485.007 search=0.5012043000024278 prep=0.0027630999975372106
148/448 gurobi/R102/0.5s/seed-0 time_limit K= D= search=0.5006585000010091 prep=0.5689719000001787
149/448 pyvrp/R102/5s/seed-0 feasible K=19 D=1510.78 search=5.004994499999157 prep=0.0010611000034259632
150/448 ortools/R102/5s/seed-0 found K=18 D=1485.007 search=5.000508199998876 prep=0.0029514999987441115
151/448 gurobi/R102/5s/seed-0 time_limit K=23 D=1817.031 search=5.001688899996225 prep=0.5450401999987662
152/448 ours/R102/5s/seed-0 feasible K=18 D=1485.267 search=5.0004813999985345 prep=5.579999560723081e-05
153/448 ortools/R103/0.5s/seed-0 found K=14 D=1284.506 search=0.5001608000020497 prep=0.003153100005874876
154/448 gurobi/R103/0.5s/seed-0 time_limit K= D= search=0.4998831000048085 prep=0.7409114999973099
155/448 ours/R103/0.5s/seed-0 feasible K=14 D=1398.686 search=0.5006796999950893 prep=5.029999738326296e-05
156/448 pyvrp/R103/0.5s/seed-0 feasible K=16 D=1338.818 search=0.5104042999955709 prep=0.0012523999976110645
157/448 gurobi/R103/5s/seed-0 time_limit K=18 D=1470.45 search=5.0411110000059125 prep=0.9194652999940445
158/448 ours/R103/5s/seed-0 feasible K=14 D=1270.753 search=5.00085869999748 prep=5.0499998906161636e-05
159/448 pyvrp/R103/5s/seed-0 feasible K=16 D=1338.818 search=5.0116749000007985 prep=0.0011641999954008497
160/448 ortools/R103/5s/seed-0 found K=14 D=1253.046 search=5.0009886999978335 prep=0.0033045000018319115
161/448 ours/R104/0.5s/seed-0 feasible K=11 D=1096.11 search=0.5003973999992013 prep=5.270000110613182e-05
162/448 pyvrp/R104/0.5s/seed-0 feasible K=12 D=1051.0 search=0.5071586000049138 prep=0.0010884000002988614
163/448 ortools/R104/0.5s/seed-0 found K=12 D=1071.917 search=0.5011742999995477 prep=0.004896899998129811
164/448 gurobi/R104/0.5s/seed-0 time_limit K= D= search=0.5015580999970553 prep=0.8868801999997231
165/448 pyvrp/R104/5s/seed-0 feasible K=12 D=1051.0 search=5.01256149999972 prep=0.001086700001906138
166/448 ortools/R104/5s/seed-0 found K=11 D=1051.847 search=5.000210600002902 prep=0.003351200000906829
167/448 gurobi/R104/5s/seed-0 time_limit K=16 D=1344.962 search=5.0043846999979 prep=0.8767092999987653
168/448 ours/R104/5s/seed-0 feasible K=10 D=1081.623 search=5.000813200000266 prep=5.570000212173909e-05
169/448 ortools/R105/0.5s/seed-0 found K=15 D=1417.587 search=0.5028687999947579 prep=0.0029169999979785644
170/448 gurobi/R105/0.5s/seed-0 time_limit K= D= search=0.5009292000031564 prep=0.5329312000030768
171/448 ours/R105/0.5s/seed-0 feasible K=16 D=1539.478 search=0.5008258000016212 prep=6.470000516856089e-05
172/448 pyvrp/R105/0.5s/seed-0 feasible K=16 D=1451.658 search=0.5013256000020192 prep=0.0010832999978447333
173/448 gurobi/R105/5s/seed-0 time_limit K= D= search=5.001834099995904 prep=0.5174230999982683
174/448 ours/R105/5s/seed-0 feasible K=16 D=1441.797 search=5.000422400000389 prep=5.650000093737617e-05
175/448 pyvrp/R105/5s/seed-0 feasible K=16 D=1451.658 search=5.004519699999946 prep=0.0011353000008966774
176/448 ortools/R105/5s/seed-0 found K=15 D=1417.587 search=5.000634399999399 prep=0.003241799997340422
177/448 ours/R106/0.5s/seed-0 feasible K=14 D=1354.795 search=0.5006831000064267 prep=5.439999949885532e-05
178/448 pyvrp/R106/0.5s/seed-0 feasible K=14 D=1326.09 search=0.5039483000000473 prep=0.0012381999986246228
179/448 ortools/R106/0.5s/seed-0 found K=14 D=1339.028 search=0.500077999997302 prep=0.00335139999515377
180/448 gurobi/R106/0.5s/seed-0 time_limit K= D= search=0.5015525999988313 prep=0.622697300001164
181/448 pyvrp/R106/5s/seed-0 feasible K=14 D=1326.09 search=5.006776099995477 prep=0.0011051000037696213
182/448 ortools/R106/5s/seed-0 found K=13 D=1323.77 search=5.000771999999415 prep=0.002940500002296176
183/448 gurobi/R106/5s/seed-0 time_limit K=19 D=1941.892 search=5.00690040000336 prep=0.6411617000048864
184/448 ours/R106/5s/seed-0 feasible K=14 D=1327.702 search=5.000499499998114 prep=6.0999998822808266e-05
185/448 ortools/R107/0.5s/seed-0 found K=13 D=1159.743 search=0.500404599995818 prep=0.0023871000012150034
186/448 gurobi/R107/0.5s/seed-0 time_limit K= D= search=0.5001919999995152 prep=0.8089388000007602
187/448 ours/R107/0.5s/seed-0 feasible K=11 D=1235.866 search=0.5007034000009298 prep=5.160000000614673e-05
188/448 pyvrp/R107/0.5s/seed-0 feasible K=12 D=1131.357 search=0.5004454000008991 prep=0.0012592999992193654
189/448 gurobi/R107/5s/seed-0 time_limit K=18 D=2423.595 search=5.005274800001644 prep=0.7652342000001227
190/448 ours/R107/5s/seed-0 feasible K=11 D=1160.624 search=5.000766199998907 prep=5.310000415192917e-05
191/448 pyvrp/R107/5s/seed-0 feasible K=12 D=1131.357 search=5.008528099999239 prep=0.0013325000036275014
192/448 ortools/R107/5s/seed-0 found K=12 D=1151.175 search=5.0011238000006415 prep=0.0032289000009768642
193/448 ours/R108/0.5s/seed-0 feasible K=11 D=1125.042 search=0.5009355999936815 prep=5.870000313734636e-05
194/448 pyvrp/R108/0.5s/seed-0 feasible K=10 D=996.254 search=0.5014392000011867 prep=0.0010197999945376068
195/448 ortools/R108/0.5s/seed-0 found K=10 D=1008.171 search=0.501697100000456 prep=0.0023717000003671274
196/448 gurobi/R108/0.5s/seed-0 time_limit K= D= search=0.5024430999983451 prep=1.1671118000012939
197/448 pyvrp/R108/5s/seed-0 feasible K=10 D=996.254 search=5.001919499998621 prep=0.0013389000014285557
198/448 ortools/R108/5s/seed-0 found K=10 D=976.398 search=5.0029355000006035 prep=0.0038724999976693653
199/448 gurobi/R108/5s/seed-0 time_limit K=13 D=1287.352 search=5.005596000002697 prep=0.9206039999990026
200/448 ours/R108/5s/seed-0 feasible K=10 D=1033.382 search=5.001168200004031 prep=5.249999958323315e-05
201/448 ortools/R109/0.5s/seed-0 found K=15 D=1272.629 search=0.500076700001955 prep=0.0033121000014944
202/448 gurobi/R109/0.5s/seed-0 time_limit K= D= search=0.5384768000003533 prep=0.5847768999956315
203/448 ours/R109/0.5s/seed-0 feasible K=13 D=1323.261 search=0.5006831999999122 prep=5.140000575920567e-05
204/448 pyvrp/R109/0.5s/seed-0 feasible K=14 D=1235.038 search=0.5021825000003446 prep=0.0013907999964430928
205/448 gurobi/R109/5s/seed-0 time_limit K=18 D=2059.011 search=5.019339200000104 prep=0.5892301999992924
206/448 ours/R109/5s/seed-0 feasible K=13 D=1235.058 search=5.000831499994092 prep=5.919999966863543e-05
207/448 pyvrp/R109/5s/seed-0 feasible K=14 D=1235.038 search=5.000394900001993 prep=0.0013367999999900348
208/448 ortools/R109/5s/seed-0 found K=13 D=1213.33 search=5.000588599999901 prep=0.0022016000002622604
209/448 ours/R110/0.5s/seed-0 feasible K=13 D=1243.996 search=0.5007129000005079 prep=5.5900003644637764e-05
210/448 pyvrp/R110/0.5s/seed-0 feasible K=14 D=1201.092 search=0.5029589999976452 prep=0.0009987000012188219
211/448 ortools/R110/0.5s/seed-0 found K=12 D=1185.753 search=0.5024941000010585 prep=0.0027402999985497445
212/448 gurobi/R110/0.5s/seed-0 time_limit K= D= search=0.4996621999962372 prep=0.7678773000006913
213/448 pyvrp/R110/5s/seed-0 feasible K=14 D=1201.092 search=5.006099699996412 prep=0.001141300002927892
214/448 ortools/R110/5s/seed-0 found K=12 D=1142.539 search=5.000420900003519 prep=0.003067199999350123
215/448 gurobi/R110/5s/seed-0 time_limit K=17 D=1392.763 search=5.002956999996968 prep=0.7910454000011669
216/448 ours/R110/5s/seed-0 feasible K=12 D=1160.248 search=5.0004495999965 prep=5.5000004067551345e-05
217/448 ortools/R111/0.5s/seed-0 found K=12 D=1227.667 search=0.5007433999999193 prep=0.0027582999973674305
218/448 gurobi/R111/0.5s/seed-0 time_limit K= D= search=0.5048689999966882 prep=0.7474813000007998
219/448 ours/R111/0.5s/seed-0 feasible K=12 D=1193.476 search=0.5011155000029248 prep=5.4700001783203334e-05
220/448 pyvrp/R111/0.5s/seed-0 feasible K=12 D=1160.963 search=0.5058024000027217 prep=0.0012313000042922795
221/448 gurobi/R111/5s/seed-0 time_limit K=19 D=2420.212 search=5.005290099994454 prep=0.7924649999986286
222/448 ours/R111/5s/seed-0 feasible K=12 D=1141.19 search=5.000818000000436 prep=8.299999899463728e-05
223/448 pyvrp/R111/5s/seed-0 feasible K=12 D=1160.963 search=5.0026141999987885 prep=0.0010301000002073124
224/448 ortools/R111/5s/seed-0 found K=12 D=1139.811 search=5.000333299998601 prep=0.0032613000003038906
225/448 ours/R112/0.5s/seed-0 feasible K=12 D=1203.183 search=0.5008321999994223 prep=6.0500002291519195e-05
226/448 pyvrp/R112/0.5s/seed-0 feasible K=11 D=1075.358 search=0.5051947000029031 prep=0.0016413999983342364
227/448 ortools/R112/0.5s/seed-0 found K=11 D=1073.54 search=0.500594999997702 prep=0.0020666999989771284
228/448 gurobi/R112/0.5s/seed-0 time_limit K= D= search=0.5003570000044419 prep=1.050272500004212
229/448 pyvrp/R112/5s/seed-0 feasible K=11 D=1075.358 search=5.007436100000632 prep=0.001108899996324908
230/448 ortools/R112/5s/seed-0 found K=10 D=1017.763 search=5.0012666000038735 prep=0.002562699999543838
231/448 gurobi/R112/5s/seed-0 time_limit K=14 D=1314.338 search=5.006982500002778 prep=0.9630293999944115
232/448 ours/R112/5s/seed-0 feasible K=11 D=993.495 search=5.000831500001368 prep=5.5999997130129486e-05
233/448 ortools/R201/0.5s/seed-0 found K=5 D=1270.257 search=0.5006805000011809 prep=0.004629799994290806
234/448 gurobi/R201/0.5s/seed-0 time_limit K=14 D=2430.683 search=0.5018337000001338 prep=0.7506534999993164
235/448 ours/R201/0.5s/seed-0 feasible K=4 D=1557.04 search=0.5008319999978994 prep=7.109999569365755e-05
236/448 pyvrp/R201/0.5s/seed-0 feasible K=6 D=1261.177 search=0.5014281999974628 prep=0.0014145999957690947
237/448 gurobi/R201/5s/seed-0 time_limit K=7 D=1621.349 search=5.006225000004633 prep=0.559984200001054
238/448 ours/R201/5s/seed-0 feasible K=4 D=1349.321 search=5.000490099999297 prep=5.400000372901559e-05
239/448 pyvrp/R201/5s/seed-0 feasible K=6 D=1261.177 search=5.007263200001034 prep=0.0011707999947248027
240/448 ortools/R201/5s/seed-0 found K=4 D=1299.67 search=5.00015120000171 prep=0.003143499998259358
241/448 ours/R202/0.5s/seed-0 feasible K=4 D=1463.682 search=0.5006591000055778 prep=5.300000339047983e-05
242/448 pyvrp/R202/0.5s/seed-0 feasible K=6 D=1078.523 search=0.5031104000008781 prep=0.001330699997197371
243/448 ortools/R202/0.5s/seed-0 found K=4 D=1195.264 search=0.5015813000063645 prep=0.003039200004423037
244/448 gurobi/R202/0.5s/seed-0 time_limit K=25 D=3437.591 search=0.502816599997459 prep=0.78139939999528
245/448 pyvrp/R202/5s/seed-0 feasible K=6 D=1078.523 search=5.005513200005225 prep=0.0011665999991237186
246/448 ortools/R202/5s/seed-0 found K=4 D=1155.29 search=5.0012223000012455 prep=0.0034516000014264137
247/448 gurobi/R202/5s/seed-0 time_limit K=11 D=1419.657 search=5.009986899996875 prep=0.779637300001923
248/448 ours/R202/5s/seed-0 feasible K=4 D=1277.608 search=5.000730799998564 prep=5.389999569160864e-05
249/448 ortools/R203/0.5s/seed-0 found K=4 D=952.112 search=0.5013598000005004 prep=0.0024579999953857623
250/448 gurobi/R203/0.5s/seed-0 time_limit K=25 D=3742.652 search=0.5082206000006408 prep=0.9097079999992275
251/448 ours/R203/0.5s/seed-0 feasible K=3 D=1174.802 search=0.5008700000034878 prep=9.23000043258071e-05
252/448 pyvrp/R203/0.5s/seed-0 feasible K=4 D=958.066 search=0.5183195999998134 prep=0.0012314999985392205
253/448 gurobi/R203/5s/seed-0 time_limit K=10 D=1390.711 search=5.007714599996689 prep=0.9040642000036314
254/448 ours/R203/5s/seed-0 feasible K=3 D=1021.325 search=5.000763299998653 prep=5.439999949885532e-05
255/448 pyvrp/R203/5s/seed-0 feasible K=4 D=958.066 search=5.003017999995791 prep=0.0010304999959771521
256/448 ortools/R203/5s/seed-0 found K=3 D=980.959 search=5.000691900000675 prep=0.003078299996559508
257/448 ours/R204/0.5s/seed-0 feasible K=3 D=1317.289 search=0.5008672999974806 prep=4.939999780617654e-05
258/448 pyvrp/R204/0.5s/seed-0 feasible K=3 D=880.278 search=0.5137541999938549 prep=0.0017471999963163398
259/448 ortools/R204/0.5s/seed-0 found K=3 D=839.541 search=0.5001960000008694 prep=0.00307730000349693
260/448 gurobi/R204/0.5s/seed-0 time_limit K= D= search=0.5007146000061766 prep=0.9666421000001719
261/448 pyvrp/R204/5s/seed-0 feasible K=3 D=880.278 search=5.01158569999825 prep=0.0012552000043797307
262/448 ortools/R204/5s/seed-0 found K=3 D=801.105 search=5.0010512999942875 prep=0.003034900000784546
263/448 gurobi/R204/5s/seed-0 time_limit K=7 D=1081.973 search=5.017890700000862 prep=0.9794506000034744
264/448 ours/R204/5s/seed-0 feasible K=3 D=912.861 search=5.00073859999975 prep=5.1700000767596066e-05
265/448 ortools/R205/0.5s/seed-0 found K=4 D=1102.237 search=0.5001923999952851 prep=0.0032807000025059097
266/448 gurobi/R205/0.5s/seed-0 time_limit K=23 D=3852.078 search=0.5020996000021114 prep=0.6901121999981115
267/448 ours/R205/0.5s/seed-0 feasible K=3 D=1215.931 search=0.5007801000028849 prep=5.4899996030144393e-05
268/448 pyvrp/R205/0.5s/seed-0 feasible K=3 D=1024.662 search=0.5014262999975472 prep=0.0011633999965852126
269/448 gurobi/R205/5s/seed-0 time_limit K=7 D=1275.267 search=5.008592800004408 prep=0.7172484999973676
270/448 ours/R205/5s/seed-0 feasible K=3 D=1091.031 search=5.0005667000004905 prep=5.480000254465267e-05
271/448 pyvrp/R205/5s/seed-0 feasible K=3 D=1052.667 search=5.000656899996102 prep=0.001040299997839611
272/448 ortools/R205/5s/seed-0 found K=3 D=1173.134 search=5.0004564999981085 prep=0.003577800001949072
273/448 ours/R206/0.5s/seed-0 feasible K=3 D=1406.391 search=0.5008619000000181 prep=5.419999797595665e-05
274/448 pyvrp/R206/0.5s/seed-0 feasible K=4 D=1021.479 search=0.5090169000031892 prep=0.001178700003947597
275/448 ortools/R206/0.5s/seed-0 found K=4 D=992.585 search=0.500750599996536 prep=0.002757399997790344
276/448 gurobi/R206/0.5s/seed-0 time_limit K=25 D=3743.004 search=0.5073155000063707 prep=0.8350953000044683
277/448 pyvrp/R206/5s/seed-0 feasible K=4 D=1021.479 search=5.020941599999787 prep=0.0010505000027478673
278/448 ortools/R206/5s/seed-0 found K=3 D=1039.51 search=5.000422400000389 prep=0.0036999000003561378
279/448 gurobi/R206/5s/seed-0 time_limit K=9 D=1145.258 search=5.0092511999973794 prep=0.8131561000045622
280/448 ours/R206/5s/seed-0 feasible K=3 D=1094.282 search=5.000612099996943 prep=5.619999865302816e-05
281/448 ortools/R207/0.5s/seed-0 found K=3 D=965.438 search=0.5034965000013472 prep=0.003206100001989398
282/448 gurobi/R207/0.5s/seed-0 time_limit K=25 D=3691.29 search=0.5075544999999693 prep=0.8937273999981699
283/448 ours/R207/0.5s/seed-0 feasible K=3 D=1164.515 search=0.5004658000034397 prep=5.7000004744622856e-05
284/448 pyvrp/R207/0.5s/seed-0 feasible K=3 D=947.715 search=0.5113864999948419 prep=0.001273800000490155
285/448 gurobi/R207/5s/seed-0 time_limit K=7 D=1132.313 search=5.008840900001815 prep=0.9531633999940823
286/448 ours/R207/5s/seed-0 feasible K=3 D=954.188 search=5.000395300005039 prep=6.410000059986487e-05
287/448 pyvrp/R207/5s/seed-0 feasible K=3 D=947.715 search=5.003901299998688 prep=0.0011589999994612299
288/448 ortools/R207/5s/seed-0 found K=3 D=885.79 search=5.000812000005681 prep=0.0031893000050331466
289/448 ours/R208/0.5s/seed-0 feasible K=2 D=842.502 search=0.5006027000054019 prep=5.420000525191426e-05
290/448 pyvrp/R208/0.5s/seed-0 feasible K=4 D=763.235 search=0.5019928999972763 prep=0.0014385999966179952
291/448 ortools/R208/0.5s/seed-0 found K=3 D=756.121 search=0.5036590000017895 prep=0.0023564000002807006
292/448 gurobi/R208/0.5s/seed-0 time_limit K=25 D=3712.902 search=0.5042458999960218 prep=0.9765425000005052
293/448 pyvrp/R208/5s/seed-0 feasible K=4 D=763.235 search=5.001165499998024 prep=0.001189800001156982
294/448 ortools/R208/5s/seed-0 found K=2 D=799.384 search=5.001618599999347 prep=0.0022320999996736646
295/448 gurobi/R208/5s/seed-0 time_limit K=3 D=1018.992 search=5.004879899999651 prep=0.9641514999966603
296/448 ours/R208/5s/seed-0 feasible K=2 D=833.203 search=5.0007927999977255 prep=5.249999958323315e-05
297/448 ortools/R209/0.5s/seed-0 found K=4 D=1008.413 search=0.5013698999973712 prep=0.0029580999980680645
298/448 gurobi/R209/0.5s/seed-0 time_limit K=25 D=3719.21 search=0.503577999996196 prep=0.8397401000038371
299/448 ours/R209/0.5s/seed-0 feasible K=3 D=1366.853 search=0.5006370000046445 prep=6.1399994592648e-05
300/448 pyvrp/R209/0.5s/seed-0 feasible K=5 D=958.92 search=0.5097211999964202 prep=0.00105230000190204
301/448 gurobi/R209/5s/seed-0 time_limit K=12 D=1467.76 search=5.0278126999983215 prep=0.8520759999955771
302/448 ours/R209/5s/seed-0 feasible K=3 D=1061.097 search=5.000595800003794 prep=5.5199998314492404e-05
303/448 pyvrp/R209/5s/seed-0 feasible K=5 D=958.92 search=5.008631899996544 prep=0.0012047999989590608
304/448 ortools/R209/5s/seed-0 found K=4 D=971.527 search=5.001010599997244 prep=0.002850400000170339
305/448 ours/R210/0.5s/seed-0 feasible K=3 D=1327.33 search=0.5006332999982988 prep=5.819999933009967e-05
306/448 pyvrp/R210/0.5s/seed-0 feasible K=4 D=970.113 search=0.5021154999994906 prep=0.0011291999981040135
307/448 ortools/R210/0.5s/seed-0 found K=4 D=1058.295 search=0.4997252999964985 prep=0.0031594999963999726
308/448 gurobi/R210/0.5s/seed-0 time_limit K=25 D=3691.974 search=0.5042286000025342 prep=0.812364899997192
309/448 pyvrp/R210/5s/seed-0 feasible K=4 D=970.113 search=5.010415099997772 prep=0.0011605000036070123
310/448 ortools/R210/5s/seed-0 found K=4 D=1026.305 search=5.000276999999187 prep=0.002880899999581743
311/448 gurobi/R210/5s/seed-0 time_limit K=10 D=1364.742 search=5.005608100000245 prep=0.8480961000022944
312/448 ours/R210/5s/seed-0 feasible K=3 D=1184.255 search=5.000481900002342 prep=5.490000330610201e-05
313/448 ortools/R211/0.5s/seed-0 found K=3 D=931.655 search=0.5004082000014023 prep=0.002776399996946566
314/448 gurobi/R211/0.5s/seed-0 time_limit K=25 D=3887.77 search=0.5029636999970535 prep=0.9381371999988914
315/448 ours/R211/0.5s/seed-0 feasible K=3 D=1384.72 search=0.5007272999937413 prep=5.140000575920567e-05
316/448 pyvrp/R211/0.5s/seed-0 feasible K=3 D=847.927 search=0.5043758000028902 prep=0.0010096000041812658
317/448 gurobi/R211/5s/seed-0 time_limit K=10 D=1056.525 search=5.004317900005844 prep=0.9973747000040021
318/448 ours/R211/5s/seed-0 feasible K=3 D=855.624 search=5.0004186000005575 prep=4.669999907491729e-05
319/448 pyvrp/R211/5s/seed-0 feasible K=3 D=847.927 search=5.011575200005609 prep=0.001186900000902824
320/448 ortools/R211/5s/seed-0 found K=3 D=885.018 search=5.00149209999654 prep=0.0023446999985026196
321/448 ours/RC101/0.5s/seed-0 feasible K=16 D=1781.132 search=0.5009258999998565 prep=8.209999941755086e-05
322/448 pyvrp/RC101/0.5s/seed-0 feasible K=17 D=1751.132 search=0.5060540999984369 prep=0.001341299997875467
323/448 ortools/RC101/0.5s/seed-0 found K=16 D=1749.889 search=0.5010251000057906 prep=0.002606100002594758
324/448 gurobi/RC101/0.5s/seed-0 time_limit K= D= search=0.5095590999990236 prep=0.35708019999583485
325/448 pyvrp/RC101/5s/seed-0 feasible K=17 D=1751.132 search=5.007372400003078 prep=0.0011875000054715201
326/448 ortools/RC101/5s/seed-0 found K=16 D=1682.124 search=5.000976100003754 prep=0.002432799999951385
327/448 gurobi/RC101/5s/seed-0 time_limit K=16 D=1801.41 search=5.005742900000769 prep=0.3590963999959058
328/448 ours/RC101/5s/seed-0 feasible K=16 D=1707.734 search=5.000685899998643 prep=5.070000042906031e-05
329/448 ortools/RC102/0.5s/seed-0 found K=15 D=1572.256 search=0.5023798999973224 prep=0.002577300001576077
330/448 gurobi/RC102/0.5s/seed-0 time_limit K= D= search=0.508126299995638 prep=0.5825403000053484
331/448 ours/RC102/0.5s/seed-0 feasible K=15 D=1561.232 search=0.5007072000007611 prep=6.040000153006986e-05
332/448 pyvrp/RC102/0.5s/seed-0 feasible K=16 D=1611.129 search=0.5003798000034294 prep=0.001432999997632578
333/448 gurobi/RC102/5s/seed-0 time_limit K=18 D=2411.352 search=5.0023050000017975 prep=0.6169650000010733
334/448 ours/RC102/5s/seed-0 feasible K=14 D=1554.957 search=5.000671800000418 prep=5.4600001021753997e-05
335/448 pyvrp/RC102/5s/seed-0 feasible K=16 D=1611.129 search=5.002861599998141 prep=0.0011114000008092262
336/448 ortools/RC102/5s/seed-0 found K=15 D=1551.995 search=5.000167999998666 prep=0.00259129999903962
337/448 ours/RC103/0.5s/seed-0 feasible K=12 D=1496.702 search=0.5006683000028715 prep=6.609999400097877e-05
338/448 pyvrp/RC103/0.5s/seed-0 feasible K=16 D=1524.202 search=0.5097424999985378 prep=0.0012225000027683564
339/448 ortools/RC103/0.5s/seed-0 found K=13 D=1436.056 search=0.5011081999982707 prep=0.002293099998496473
340/448 gurobi/RC103/0.5s/seed-0 time_limit K= D= search=0.5135981999992509 prep=0.7432219000038458
341/448 pyvrp/RC103/5s/seed-0 feasible K=16 D=1524.202 search=5.002144300000509 prep=0.0011202000023331493
342/448 ortools/RC103/5s/seed-0 found K=12 D=1372.419 search=5.000348399997165 prep=0.002807199998642318
343/448 gurobi/RC103/5s/seed-0 time_limit K=17 D=1839.651 search=5.002852099998563 prep=0.7733296999940649
344/448 ours/RC103/5s/seed-0 feasible K=12 D=1357.957 search=5.001283199999307 prep=5.3499999921768904e-05
345/448 ortools/RC104/0.5s/seed-0 found K=11 D=1230.03 search=0.5111251999987871 prep=0.003968400000303518
346/448 gurobi/RC104/0.5s/seed-0 time_limit K= D= search=0.5012186999956612 prep=0.8785295000052429
347/448 ours/RC104/0.5s/seed-0 feasible K=12 D=1350.45 search=0.500722400000086 prep=5.4799995268695056e-05
348/448 pyvrp/RC104/0.5s/seed-0 feasible K=12 D=1262.966 search=0.503516299999319 prep=0.0011005000051227398
349/448 gurobi/RC104/5s/seed-0 time_limit K=15 D=1643.714 search=5.0044324999980745 prep=0.9071698999978253
350/448 ours/RC104/5s/seed-0 feasible K=11 D=1211.293 search=5.000815200000943 prep=5.5900003644637764e-05
351/448 pyvrp/RC104/5s/seed-0 feasible K=12 D=1262.966 search=5.0005192000026 prep=0.0011067000014008954
352/448 ortools/RC104/5s/seed-0 found K=11 D=1216.161 search=5.000298200000543 prep=0.003943499999877531
353/448 ours/RC105/0.5s/seed-0 feasible K=14 D=1775.137 search=0.5006734999988112 prep=5.6400000175926834e-05
354/448 pyvrp/RC105/0.5s/seed-0 feasible K=18 D=1642.197 search=0.5021292999954312 prep=0.001159600004029926
355/448 ortools/RC105/0.5s/seed-0 found K=16 D=1625.645 search=0.500405699996918 prep=0.0026918000003206544
356/448 gurobi/RC105/0.5s/seed-0 time_limit K= D= search=0.5010531999942032 prep=0.5015538000006927
357/448 pyvrp/RC105/5s/seed-0 feasible K=18 D=1642.197 search=5.005556699994486 prep=0.001193500000226777
358/448 ortools/RC105/5s/seed-0 found K=16 D=1613.306 search=5.007477400002244 prep=0.0024271000002045184
359/448 gurobi/RC105/5s/seed-0 time_limit K= D= search=5.001190200004203 prep=0.5036955999967176
360/448 ours/RC105/5s/seed-0 feasible K=14 D=1727.85 search=5.000503100003698 prep=7.840000034775585e-05
361/448 ortools/RC106/0.5s/seed-0 found K=15 D=1536.904 search=0.5011413000029279 prep=0.00222090000170283
362/448 gurobi/RC106/0.5s/seed-0 time_limit K= D= search=0.5009763999987626 prep=0.5443454999985988
363/448 ours/RC106/0.5s/seed-0 feasible K=14 D=1591.736 search=0.5008289000033983 prep=7.339999865507707e-05
364/448 pyvrp/RC106/0.5s/seed-0 feasible K=14 D=1504.648 search=0.5050266999969608 prep=0.0010790999949676916
365/448 gurobi/RC106/5s/seed-0 time_limit K=18 D=1876.861 search=5.005844100000104 prep=0.541634499997599
366/448 ours/RC106/5s/seed-0 feasible K=14 D=1478.872 search=5.000517299995408 prep=5.509999755304307e-05
367/448 pyvrp/RC106/5s/seed-0 feasible K=14 D=1504.648 search=5.000233999999182 prep=0.000913099996978417
368/448 ortools/RC106/5s/seed-0 found K=14 D=1537.327 search=5.0008143999948516 prep=0.0023915999991004355
369/448 ours/RC107/0.5s/seed-0 feasible K=13 D=1448.857 search=0.5010268000041833 prep=5.509999755304307e-05
370/448 pyvrp/RC107/0.5s/seed-0 feasible K=13 D=1341.952 search=0.50334440000006 prep=0.0015170999977272004
371/448 ortools/RC107/0.5s/seed-0 found K=13 D=1418.856 search=0.5008128999979817 prep=0.003678699998999946
372/448 gurobi/RC107/0.5s/seed-0 time_limit K= D= search=0.5004155999995419 prep=0.7574448000013945
373/448 pyvrp/RC107/5s/seed-0 feasible K=13 D=1341.952 search=5.002789300000586 prep=0.001015500005451031
374/448 ortools/RC107/5s/seed-0 found K=12 D=1403.567 search=4.999777599994559 prep=0.0021447000035550445
375/448 gurobi/RC107/5s/seed-0 time_limit K=16 D=1624.563 search=5.002181399999245 prep=0.73589670000365
376/448 ours/RC107/5s/seed-0 feasible K=12 D=1346.825 search=5.000868299997819 prep=6.22000006842427e-05
377/448 ortools/RC108/0.5s/seed-0 found K=11 D=1282.717 search=0.5006766000005882 prep=0.0021924000029684976
378/448 gurobi/RC108/0.5s/seed-0 time_limit K= D= search=0.5118364000009024 prep=0.9135682999985875
379/448 ours/RC108/0.5s/seed-0 feasible K=12 D=1330.591 search=0.5007872999995016 prep=5.100000271340832e-05
380/448 pyvrp/RC108/0.5s/seed-0 feasible K=12 D=1211.672 search=0.5023366999957943 prep=0.0011880000020028092
381/448 gurobi/RC108/5s/seed-0 time_limit K=17 D=1576.325 search=5.0039110999932745 prep=0.8965357999986736
382/448 ours/RC108/5s/seed-0 feasible K=12 D=1254.252 search=5.001145700000052 prep=5.680000322172418e-05
383/448 pyvrp/RC108/5s/seed-0 feasible K=12 D=1211.672 search=5.002600899999379 prep=0.0011710999970091507
384/448 ortools/RC108/5s/seed-0 found K=11 D=1262.519 search=5.008985599997686 prep=0.002269299999170471
385/448 ours/RC201/0.5s/seed-0 feasible K=5 D=1623.061 search=0.5006416000032914 prep=5.5300006351899356e-05
386/448 pyvrp/RC201/0.5s/seed-0 feasible K=5 D=1370.022 search=0.5003268000000389 prep=0.0015016999968793243
387/448 ortools/RC201/0.5s/seed-0 found K=5 D=1478.504 search=0.5009086999998544 prep=0.004724600003100932
388/448 gurobi/RC201/0.5s/seed-0 time_limit K=13 D=2576.924 search=0.5127694999973755 prep=0.553733500004455
389/448 pyvrp/RC201/5s/seed-0 feasible K=5 D=1370.022 search=5.001070199999958 prep=0.001184699998702854
390/448 ortools/RC201/5s/seed-0 found K=4 D=1563.167 search=5.000654499999655 prep=0.0035821999990730546
391/448 gurobi/RC201/5s/seed-0 time_limit K=8 D=2016.707 search=5.004464600002393 prep=0.5816575000062585
392/448 ours/RC201/5s/seed-0 feasible K=4 D=1591.465 search=5.000428999999713 prep=5.950000195298344e-05
393/448 ortools/RC202/0.5s/seed-0 found K=4 D=1267.963 search=0.5001419999971404 prep=0.0023827000040910207
394/448 gurobi/RC202/0.5s/seed-0 time_limit K=24 D=4435.253 search=0.5045608000000357 prep=0.7805656999989878
395/448 ours/RC202/0.5s/seed-0 feasible K=4 D=1591.534 search=0.5010961000007228 prep=5.2100003813393414e-05
396/448 pyvrp/RC202/0.5s/seed-0 feasible K=5 D=1236.694 search=0.5114395999989938 prep=0.001226599997607991
397/448 gurobi/RC202/5s/seed-0 time_limit K=13 D=2163.309 search=5.004804099997273 prep=0.7801719999988563
398/448 ours/RC202/5s/seed-0 feasible K=4 D=1353.824 search=5.000401499994041 prep=5.4600001021753997e-05
399/448 pyvrp/RC202/5s/seed-0 feasible K=5 D=1236.694 search=5.003677299995616 prep=0.0011186000047018752
400/448 ortools/RC202/5s/seed-0 found K=4 D=1267.963 search=5.000309700000798 prep=0.0026823000007425435
401/448 ours/RC203/0.5s/seed-0 feasible K=3 D=1166.438 search=0.500764700002037 prep=6.809999467805028e-05
402/448 pyvrp/RC203/0.5s/seed-0 feasible K=5 D=1033.393 search=0.5060254000054556 prep=0.0011460000023362227
403/448 ortools/RC203/0.5s/seed-0 found K=5 D=1099.107 search=0.5020112999991397 prep=0.002325800000107847
404/448 gurobi/RC203/0.5s/seed-0 time_limit K=25 D=4607.549 search=0.5062872000053176 prep=0.9956932000059169
405/448 pyvrp/RC203/5s/seed-0 feasible K=5 D=1033.393 search=5.001100299996324 prep=0.0010045000017271377
406/448 ortools/RC203/5s/seed-0 found K=4 D=1103.735 search=5.00072600000567 prep=0.002396500000031665
407/448 gurobi/RC203/5s/seed-0 time_limit K=6 D=1348.153 search=5.006240499998967 prep=0.8941896000033012
408/448 ours/RC203/5s/seed-0 feasible K=3 D=1112.829 search=5.001072600003681 prep=7.530000584665686e-05
409/448 ortools/RC204/0.5s/seed-0 found K=3 D=979.771 search=0.5005726999952458 prep=0.0032260000007227063
410/448 gurobi/RC204/0.5s/seed-0 time_limit K=25 D=4405.148 search=0.5118596999964211 prep=0.9840010999978404
411/448 ours/RC204/0.5s/seed-0 feasible K=3 D=1462.72 search=0.5011181000008946 prep=5.329999839887023e-05
412/448 pyvrp/RC204/0.5s/seed-0 feasible K=3 D=945.057 search=0.5133713999966858 prep=0.0015305999986594543
413/448 gurobi/RC204/5s/seed-0 time_limit K=7 D=1336.624 search=5.008009099998162 prep=0.9468829999968875
414/448 ours/RC204/5s/seed-0 feasible K=3 D=912.495 search=5.000441399999545 prep=5.5999997130129486e-05
415/448 pyvrp/RC204/5s/seed-0 feasible K=3 D=945.057 search=5.004676999997173 prep=0.0010121000013896264
416/448 ortools/RC204/5s/seed-0 found K=3 D=906.318 search=5.000854199999594 prep=0.0025355000034323893
417/448 ours/RC205/0.5s/seed-0 feasible K=4 D=1876.311 search=0.5006720000019413 prep=9.639999916544184e-05
418/448 pyvrp/RC205/0.5s/seed-0 feasible K=5 D=1346.85 search=0.5012888000055682 prep=0.0011194000035175122
419/448 ortools/RC205/0.5s/seed-0 found K=5 D=1504.644 search=0.5009177000029013 prep=0.002816600004734937
420/448 gurobi/RC205/0.5s/seed-0 time_limit K=18 D=1786.731 search=0.5023653999960516 prep=0.7015232999983709
421/448 pyvrp/RC205/5s/seed-0 feasible K=5 D=1346.85 search=5.00313169999572 prep=0.0013895999945816584
422/448 ortools/RC205/5s/seed-0 found K=5 D=1357.642 search=5.000411399996665 prep=0.003018899995367974
423/448 gurobi/RC205/5s/seed-0 time_limit K=10 D=1385.648 search=5.004971800000931 prep=0.7012582999959704
424/448 ours/RC205/5s/seed-0 feasible K=4 D=1410.721 search=5.0008339999985765 prep=6.830000347690657e-05
425/448 ortools/RC206/0.5s/seed-0 found K=4 D=1343.132 search=0.49946149999595946 prep=0.0022603999968850985
426/448 gurobi/RC206/0.5s/seed-0 time_limit K=21 D=2955.912 search=0.5036027000023751 prep=0.7196690999990096
427/448 ours/RC206/0.5s/seed-0 feasible K=4 D=1577.116 search=0.5006671000010101 prep=5.329999839887023e-05
428/448 pyvrp/RC206/0.5s/seed-0 feasible K=5 D=1140.747 search=0.5077880999961053 prep=0.0010130000009667128
429/448 gurobi/RC206/5s/seed-0 time_limit K=8 D=1501.311 search=5.005590499997197 prep=0.7284380000055535
430/448 ours/RC206/5s/seed-0 feasible K=4 D=1151.722 search=5.000455600005807 prep=4.960000660503283e-05
431/448 pyvrp/RC206/5s/seed-0 feasible K=5 D=1140.747 search=5.0062386999998125 prep=0.001237199998286087
432/448 ortools/RC206/5s/seed-0 found K=4 D=1230.892 search=5.002748599996266 prep=0.003105200004938524
433/448 ours/RC207/0.5s/seed-0 feasible K=4 D=1544.145 search=0.5006889999931445 prep=6.630000279983506e-05
434/448 pyvrp/RC207/0.5s/seed-0 feasible K=4 D=1137.374 search=0.506696299999021 prep=0.0012171999987913296
435/448 ortools/RC207/0.5s/seed-0 found K=4 D=1165.438 search=0.5004884000009042 prep=0.0021628999966196716
436/448 gurobi/RC207/0.5s/seed-0 time_limit K=25 D=4577.523 search=0.5037109999975655 prep=0.8632976999942912
437/448 pyvrp/RC207/5s/seed-0 feasible K=4 D=1137.374 search=5.001640900001803 prep=0.0013173999977880158
438/448 ortools/RC207/5s/seed-0 found K=4 D=1147.189 search=5.001971899997443 prep=0.0027041000066674314
439/448 gurobi/RC207/5s/seed-0 time_limit K=11 D=1631.657 search=5.100971299994853 prep=0.8301837999970303
440/448 ours/RC207/5s/seed-0 feasible K=4 D=1186.311 search=5.000588099996094 prep=5.5500000598840415e-05
441/448 ortools/RC208/0.5s/seed-0 found K=3 D=1058.876 search=0.5004502000010689 prep=0.0022632999971392564
442/448 gurobi/RC208/0.5s/seed-0 time_limit K=25 D=4253.337 search=0.5095827999975882 prep=0.9795997999972315
443/448 ours/RC208/0.5s/seed-0 feasible K=3 D=1232.74 search=0.5005907000013394 prep=5.3999996453057975e-05
444/448 pyvrp/RC208/0.5s/seed-0 feasible K=4 D=927.57 search=0.5071588999999221 prep=0.0018914000029326417
445/448 gurobi/RC208/5s/seed-0 time_limit K=8 D=1143.521 search=5.005787999994936 prep=1.0284348000059254
446/448 ours/RC208/5s/seed-0 feasible K=3 D=1009.125 search=5.000439600000391 prep=6.719999510096386e-05
447/448 pyvrp/RC208/5s/seed-0 feasible K=4 D=927.57 search=5.002035900004557 prep=0.0011790999997174367
448/448 ortools/RC208/5s/seed-0 found K=3 D=1006.717 search=5.00100659999589 prep=0.002925699998741038
{"checked_at": "2026-10-09T17:34:49.878299+00:00", "records": 448, "independently_feasible": 417, "invalid_solutions": 0}
