1/112 C101 0.5s cap=11 feasible K=10 D=828.937 gap=None
2/112 C102 0.5s cap=10 feasible K=10 D=828.937 gap=28.575995521975738
3/112 C103 0.5s cap=10 feasible K=10 D=828.065 gap=48.10793838647933
4/112 C104 0.5s cap=10 feasible K=10 D=824.776 gap=26.727984325441078
5/112 C105 0.5s cap=10 feasible K=10 D=828.937 gap=3.0615113090620927
6/112 C106 0.5s cap=10 feasible K=10 D=828.937 gap=7.601904607949694
7/112 C107 0.5s cap=10 feasible K=10 D=828.937 gap=12.705549396395632
8/112 C108 0.5s cap=11 feasible K=10 D=828.937 gap=None
9/112 C109 0.5s cap=10 feasible K=10 D=828.937 gap=29.025004312752365
10/112 C201 0.5s cap=3 feasible K=3 D=591.555 gap=0.0
11/112 C202 0.5s cap=3 feasible K=3 D=591.555 gap=4.856860308847022
12/112 C203 0.5s cap=3 feasible K=3 D=591.173 gap=1.528148274701313
13/112 C204 0.5s cap=3 feasible K=3 D=590.598 gap=49.297491694858444
14/112 C205 0.5s cap=3 feasible K=3 D=588.875 gap=0.0
15/112 C206 0.5s cap=3 feasible K=3 D=588.493 gap=0.6316132902175475
16/112 C207 0.5s cap=3 feasible K=3 D=588.287 gap=11.855437907007982
17/112 C208 0.5s cap=3 feasible K=3 D=588.324 gap=0.5218213093465485
18/112 R101 0.5s cap=21 feasible K=21 D=1666.366 gap=2.654218821075327
19/112 R102 0.5s cap=18 no_feasible_solution K=None D=None gap=None
20/112 R103 0.5s cap=14 no_feasible_solution K=None D=None gap=None
21/112 R104 0.5s cap=11 feasible K=11 D=1061.188 gap=3.290840077347279
22/112 R105 0.5s cap=16 feasible K=16 D=1432.598 gap=7.460571632795809
23/112 R106 0.5s cap=14 feasible K=14 D=1335.398 gap=1.4525257638546618
24/112 R107 0.5s cap=11 feasible K=11 D=1178.698 gap=4.850097310761536
25/112 R108 0.5s cap=11 feasible K=11 D=1020.212 gap=10.275315326618383
26/112 R109 0.5s cap=13 feasible K=12 D=1172.703 gap=None
27/112 R110 0.5s cap=13 feasible K=13 D=1154.532 gap=7.748940696316775
28/112 R111 0.5s cap=12 feasible K=12 D=1173.798 gap=1.6764383650338388
29/112 R112 0.5s cap=12 feasible K=10 D=953.626 gap=None
30/112 R201 0.5s cap=4 feasible K=4 D=1294.077 gap=20.320506430451978
31/112 R202 0.5s cap=4 feasible K=4 D=1210.882 gap=20.877343952589932
32/112 R203 0.5s cap=3 feasible K=3 D=969.576 gap=21.166571779829525
33/112 R204 0.5s cap=3 feasible K=3 D=758.39 gap=73.69546011946359
34/112 R205 0.5s cap=3 feasible K=3 D=1029.271 gap=18.13516556864032
35/112 R206 0.5s cap=3 feasible K=3 D=965.886 gap=45.606313788583755
36/112 R207 0.5s cap=3 feasible K=3 D=816.778 gap=42.57423681832761
37/112 R208 0.5s cap=2 feasible K=2 D=736.416 gap=14.405716334245856
38/112 R209 0.5s cap=3 feasible K=3 D=931.307 gap=46.76717774053025
39/112 R210 0.5s cap=3 feasible K=3 D=965.33 gap=37.5001294893974
40/112 R211 0.5s cap=3 feasible K=3 D=799.701 gap=73.15471657532002
41/112 RC101 0.5s cap=16 feasible K=16 D=1832.536 gap=-2.805074497854343
42/112 RC102 0.5s cap=15 feasible K=15 D=1580.98 gap=-1.2490986603246101
43/112 RC103 0.5s cap=12 feasible K=12 D=1321.637 gap=13.246072862669545
44/112 RC104 0.5s cap=12 feasible K=12 D=1281.84 gap=5.35246208575173
45/112 RC105 0.5s cap=14 no_feasible_solution K=None D=None gap=None
46/112 RC106 0.5s cap=14 feasible K=14 D=1514.329 gap=5.111636903209282
47/112 RC107 0.5s cap=13 feasible K=12 D=1357.608 gap=None
48/112 RC108 0.5s cap=12 feasible K=12 D=1260.966 gap=5.521560454445251
49/112 RC201 0.5s cap=5 feasible K=5 D=1425.662 gap=13.84612902637512
50/112 RC202 0.5s cap=4 feasible K=4 D=1190.081 gap=33.73325008969979
51/112 RC203 0.5s cap=3 feasible K=3 D=1183.937 gap=-1.4780347265099358
52/112 RC204 0.5s cap=3 feasible K=3 D=810.236 gap=80.5301171510523
53/112 RC205 0.5s cap=4 feasible K=4 D=1559.713 gap=20.29847798921982
54/112 RC206 0.5s cap=4 feasible K=4 D=1101.182 gap=43.22028511181622
55/112 RC207 0.5s cap=4 feasible K=4 D=1025.882 gap=50.51877311425681
56/112 RC208 0.5s cap=3 feasible K=3 D=829.001 gap=48.70187128845443
57/112 C101 5s cap=10 feasible K=10 D=828.937 gap=0.0
58/112 C102 5s cap=10 feasible K=10 D=828.937 gap=18.754380610347955
59/112 C103 5s cap=10 feasible K=10 D=828.065 gap=46.49538381648783
60/112 C104 5s cap=10 feasible K=10 D=824.776 gap=10.378211781138159
61/112 C105 5s cap=10 feasible K=10 D=828.937 gap=0.0
62/112 C106 5s cap=10 feasible K=10 D=828.937 gap=7.601904607949694
63/112 C107 5s cap=10 feasible K=10 D=828.937 gap=0.0
64/112 C108 5s cap=10 feasible K=10 D=828.937 gap=33.092864717101534
65/112 C109 5s cap=10 feasible K=10 D=828.937 gap=8.136444627275651
66/112 C201 5s cap=3 feasible K=3 D=591.555 gap=0.0
67/112 C202 5s cap=3 feasible K=3 D=591.555 gap=4.856860308847022
68/112 C203 5s cap=3 feasible K=3 D=591.173 gap=1.528148274701313
69/112 C204 5s cap=3 feasible K=3 D=590.598 gap=8.662745217559142
70/112 C205 5s cap=3 feasible K=3 D=588.875 gap=0.0
71/112 C206 5s cap=3 feasible K=3 D=588.493 gap=0.0
72/112 C207 5s cap=3 feasible K=3 D=588.287 gap=0.0
73/112 C208 5s cap=3 feasible K=3 D=588.324 gap=0.5218213093465485
74/112 R101 5s cap=20 no_feasible_solution K=None D=None gap=None
75/112 R102 5s cap=18 no_feasible_solution K=None D=None gap=None
76/112 R103 5s cap=14 no_feasible_solution K=None D=None gap=None
77/112 R104 5s cap=10 feasible K=10 D=982.012 gap=10.14356240045946
78/112 R105 5s cap=16 feasible K=15 D=1360.781 gap=None
79/112 R106 5s cap=14 feasible K=13 D=1239.366 gap=None
80/112 R107 5s cap=11 feasible K=11 D=1178.698 gap=-1.5333868386982918
81/112 R108 5s cap=10 feasible K=10 D=944.423 gap=9.419402111130282
82/112 R109 5s cap=13 feasible K=13 D=1151.835 gap=7.225253617054528
83/112 R110 5s cap=12 feasible K=12 D=1072.411 gap=8.190609756893586
84/112 R111 5s cap=12 feasible K=12 D=1066.172 gap=7.036200537999493
85/112 R112 5s cap=11 feasible K=10 D=953.626 gap=None
86/112 R201 5s cap=4 feasible K=4 D=1257.649 gap=7.289156195409063
87/112 R202 5s cap=4 feasible K=4 D=1210.882 gap=5.510528689005212
88/112 R203 5s cap=3 feasible K=3 D=951.258 gap=7.365719920358105
89/112 R204 5s cap=3 feasible K=3 D=751.067 gap=21.54188640960126
90/112 R205 5s cap=3 feasible K=3 D=994.429 gap=9.714318468186267
91/112 R206 5s cap=3 feasible K=3 D=938.458 gap=16.604259327535175
92/112 R207 5s cap=3 feasible K=3 D=811.502 gap=17.58295112026833
93/112 R208 5s cap=2 feasible K=2 D=739.636 gap=12.650411824194595
94/112 R209 5s cap=3 feasible K=3 D=909.158 gap=16.71205665021922
95/112 R210 5s cap=3 feasible K=3 D=967.235 gap=22.43715332881875
96/112 R211 5s cap=3 feasible K=3 D=772.776 gap=10.720829839436007
97/112 RC101 5s cap=16 feasible K=16 D=1832.536 gap=-6.810343698568544
98/112 RC102 5s cap=14 feasible K=14 D=1604.986 gap=-3.1170988407375533
99/112 RC103 5s cap=12 feasible K=12 D=1321.637 gap=2.7481070823531795
100/112 RC104 5s cap=11 feasible K=10 D=1135.523 gap=None
101/112 RC105 5s cap=14 no_feasible_solution K=None D=None gap=None
102/112 RC106 5s cap=14 feasible K=14 D=1514.329 gap=-2.341433070356569
103/112 RC107 5s cap=12 feasible K=12 D=1252.314 gap=7.546909161759752
104/112 RC108 5s cap=12 feasible K=11 D=1134.318 gap=None
105/112 RC201 5s cap=4 feasible K=4 D=1417.45 gap=12.27662351405694
106/112 RC202 5s cap=4 feasible K=4 D=1161.29 gap=16.579321272033674
107/112 RC203 5s cap=3 feasible K=3 D=1051.165 gap=5.866253157211276
108/112 RC204 5s cap=3 feasible K=3 D=798.461 gap=14.281724467444246
109/112 RC205 5s cap=4 feasible K=4 D=1303.109 gap=8.25809659821244
110/112 RC206 5s cap=4 feasible K=4 D=1081.833 gap=6.460239242101129
111/112 RC207 5s cap=4 feasible K=4 D=1001.233 gap=18.48500798515431
112/112 RC208 5s cap=3 feasible K=3 D=829.001 gap=21.727838687769975
